// Jest Snapshot v1, https://goo.gl/fbAQLP

exports[`<Input /> should render correct 1`] = `
<div
  className="input-group mb-3 test-class-name"
>
  <div
    className="input-group-prepend"
  >
    <label
      className="input-group-text"
      htmlFor="testSelect"
    >
      testTitle
    </label>
  </div>
  <input
    aria-describedby="basic-addon1"
    aria-label="testSelect"
    className="form-control"
    name="testSelect"
    onChange={[Function]}
  />
</div>
`;
