// Jest Snapshot v1, https://goo.gl/fbAQLP

exports[`HOC: withDebounce should render correct 1`] = `<input />`;
